Error occurred during initialization of VM
Failed setting boot class path.
